[16:06:57.594] Server listening on port 62460, PID 31916
[16:06:57.715] readProjectFiles, Found 29 files to read.
[16:06:57.849] Starting PAI Cloud Dev...
[16:06:58.954] [PAI SDK] createCloudSession response: {
  "code": 0,
  "msg": "success",
  "sandboxId": "vefaas-f0vkicge-pyw70jixna-d89b38g2nobq58o0sep0-sandbox",
  "endpoint": "https://sd62opo6oqou1ckhsuo00.apigateway-cn-beijing.volceapi.com"
}
[16:06:59.068] [PAI SDK] cloudServer.start called, appId: pai-preview-trae-aede1510
[16:06:59.627] [PAI SDK] Received event: log {"content":"\n> taro_template@1.0.0 dev:h5\n> npm run build:h5 -- --watch\n\n","timestamp":1779610020144}
[16:06:59.893] [PAI SDK] Received event: log {"content":"\n> taro_template@1.0.0 build:h5\n> taro build --type h5 --watch\n\n","timestamp":1779610020413}
[16:07:00.590] [PAI SDK] Received event: log {"content":"👽 Taro v4.1.9\n\n","timestamp":1779610021110}
[16:07:02.723] [PAI SDK] Received event: log {"content":"Tips:\n1. 建议开启持久化缓存功能，能有效提升二次编译速度，详情请参考: https://docs.taro.zone/docs/config-detail#cache。\n\n\n","timestamp":1779610023244}
[16:07:04.751] [PAI SDK] Received event: log {"content":"- 即将开始启动编译，请稍等~\n","timestamp":1779610025272}
[16:07:07.176] [Preview Server] Frontend connected, clients size = 1
[16:07:23.204] [PAI SDK] Received event: log {"content":"✅  编译成功 5/24/2026, 4:07:23 PM\n\n","timestamp":1779610043726}
[16:07:23.213] [PAI SDK] cloudServer.start response: {
  "status": "running",
  "msg": "Cloud Server started successfully.",
  "hash": "pai-preview-trae-aede1510"
}
[16:07:23.315] [PAI SDK] Received event: log {"content":"\nℹ️  Listening at http://9.98.222.233:10086/\n\n监听文件修改中...\n\n","timestamp":1779610043837}
[16:07:30.661] [Preview Server] Frontend disconnected, clients size = 1
[16:07:31.074] [Preview Server] Frontend connected, clients size = 1
[16:07:31.075] Sending cached status to new connection, lastStatusMessage = {"event":"status_change","message":{"url":"https://sd62opo6oqou1ckhsuo00.apigateway-cn-beijing.volceapi.com/?faasInstanceName=vefaas-f0vkicge-pyw70jixna-d89b38g2nobq58o0sep0-sandbox&hash=pai-preview-trae-aede1510","schema":"aipa://preview?type=pai&aipa_id=pai-preview-trae-aede1510&uuid=32d04d5a-6b9e-44d8-a4e7-4e8565fbe377","status":"running","msg":"Cloud Server started successfully.","framework":"taro"}}
[16:07:53.688] [Preview Server] Frontend disconnected, clients size = 1
[16:07:54.080] [Preview Server] Frontend connected, clients size = 1
[16:07:54.080] Sending cached status to new connection, lastStatusMessage = {"event":"status_change","message":{"url":"https://sd62opo6oqou1ckhsuo00.apigateway-cn-beijing.volceapi.com/?faasInstanceName=vefaas-f0vkicge-pyw70jixna-d89b38g2nobq58o0sep0-sandbox&hash=pai-preview-trae-aede1510","schema":"aipa://preview?type=pai&aipa_id=pai-preview-trae-aede1510&uuid=32d04d5a-6b9e-44d8-a4e7-4e8565fbe377","status":"running","msg":"Cloud Server started successfully.","framework":"taro"}}
[16:09:15.868] [Preview Server] Frontend connected, clients size = 2
[16:09:15.868] Sending cached status to new connection, lastStatusMessage = {"event":"status_change","message":{"url":"https://sd62opo6oqou1ckhsuo00.apigateway-cn-beijing.volceapi.com/?faasInstanceName=vefaas-f0vkicge-pyw70jixna-d89b38g2nobq58o0sep0-sandbox&hash=pai-preview-trae-aede1510","schema":"aipa://preview?type=pai&aipa_id=pai-preview-trae-aede1510&uuid=32d04d5a-6b9e-44d8-a4e7-4e8565fbe377","status":"running","msg":"Cloud Server started successfully.","framework":"taro"}}
[16:09:22.911] [AuthCredentials] read failed: ENOENT: no such file or directory, open 'D:\AIworktest\Creative_project\.auth\auth.json'
[16:09:34.510] [AuthCredentials] read failed: ENOENT: no such file or directory, open 'D:\AIworktest\Creative_project\.auth\auth.json'
[16:09:37.710] [AuthCredentials] read failed: ENOENT: no such file or directory, open 'D:\AIworktest\Creative_project\.auth\auth.json'
[16:13:10.839] [Preview Server] Frontend disconnected, clients size = 2
[16:14:16.818] [Preview Server] Frontend connected, clients size = 2
[16:14:16.818] Sending cached status to new connection, lastStatusMessage = {"event":"status_change","message":{"url":"https://sd62opo6oqou1ckhsuo00.apigateway-cn-beijing.volceapi.com/?faasInstanceName=vefaas-f0vkicge-pyw70jixna-d89b38g2nobq58o0sep0-sandbox&hash=pai-preview-trae-aede1510","schema":"aipa://preview?type=pai&aipa_id=pai-preview-trae-aede1510&uuid=32d04d5a-6b9e-44d8-a4e7-4e8565fbe377","status":"running","msg":"Cloud Server started successfully.","framework":"taro"}}
[16:15:40.828] File change detected. Updating...
[16:15:40.867] readProjectFiles, Found 30 files to read.
[16:15:40.993] Files read. Count: 30
[16:15:40.994] Calling pai.updateCloudDev...
[16:15:41.005] [PAI SDK] cloudServer.update called, appId: pai-preview-trae-aede1510
[16:15:41.070] [PAI SDK] Received event: reload {"url":"aipa://pai-preview-trae-aede1510.aipa-cloud.bytedance.net?type=pai","timestamp":1779610541596}
[16:15:41.071] [PAI SDK] CloudServer received reload event: {"url":"aipa://pai-preview-trae-aede1510.aipa-cloud.bytedance.net?type=pai","timestamp":1779610541596}
[16:15:41.072] [PAI SDK] reload, url = https://sd62opo6oqou1ckhsuo00.apigateway-cn-beijing.volceapi.com/?faasInstanceName=vefaas-f0vkicge-pyw70jixna-d89b38g2nobq58o0sep0-sandbox&hash=pai-preview-trae-aede1510
[16:15:41.073] [PAI SDK] cloudServer.update response: {
  "status": "running",
  "reload": false,
  "hash": "pai-preview-trae-aede1510"
}
[16:15:41.073] Update success (pai.updateCloudDev returned)
[16:15:41.206] [PAI SDK] Received event: log {"content":"<i> [webpack-dev-middleware] wait until bundle finished: /\n","timestamp":1779610541733}
[16:15:42.518] [PAI SDK] Received event: log {"content":"✅  编译成功 5/24/2026, 4:15:43 PM\n\n","timestamp":1779610543043}
[16:16:59.399] [AuthCredentials] read failed: ENOENT: no such file or directory, open 'D:\AIworktest\Creative_project\.auth\auth.json'
[16:19:53.273] [AuthCredentials] read failed: ENOENT: no such file or directory, open 'D:\AIworktest\Creative_project\.auth\auth.json'
[16:20:43.198] [AuthCredentials] read failed: ENOENT: no such file or directory, open 'D:\AIworktest\Creative_project\.auth\auth.json'
[16:32:12.317] [Preview Server] Frontend disconnected, clients size = 2
[16:36:14.452] File change detected. Updating...
[16:36:14.514] readProjectFiles, Found 31 files to read.
[16:36:14.614] Files read. Count: 31
[16:36:14.614] Calling pai.updateCloudDev...
[16:36:14.626] [PAI SDK] cloudServer.update called, appId: pai-preview-trae-aede1510
[16:36:14.808] [PAI SDK] Received event: reload {"url":"aipa://pai-preview-trae-aede1510.aipa-cloud.bytedance.net?type=pai","timestamp":1779611775347}
[16:36:14.808] [PAI SDK] CloudServer received reload event: {"url":"aipa://pai-preview-trae-aede1510.aipa-cloud.bytedance.net?type=pai","timestamp":1779611775347}
[16:36:14.809] [PAI SDK] reload, url = https://sd62opo6oqou1ckhsuo00.apigateway-cn-beijing.volceapi.com/?faasInstanceName=vefaas-f0vkicge-pyw70jixna-d89b38g2nobq58o0sep0-sandbox&hash=pai-preview-trae-aede1510
[16:36:14.810] [PAI SDK] cloudServer.update response: {
  "status": "running",
  "reload": false,
  "hash": "pai-preview-trae-aede1510"
}
[16:36:14.810] Update success (pai.updateCloudDev returned)
[16:36:15.234] [PAI SDK] Received event: log {"content":"<i> [webpack-dev-middleware] wait until bundle finished: /\n","timestamp":1779611775773}
[16:36:16.062] [PAI SDK] Received event: log {"content":"✅  编译成功 5/24/2026, 4:36:16 PM\n\n","timestamp":1779611776590}
[16:40:56.721] File change detected. Updating...
[16:40:56.802] readProjectFiles, Found 31 files to read.
[16:40:57.138] Files read. Count: 31
[16:40:57.138] Calling pai.updateCloudDev...
[16:40:57.141] [PAI SDK] cloudServer.update called, appId: pai-preview-trae-aede1510
[16:40:57.275] [PAI SDK] Received event: reload {"url":"aipa://pai-preview-trae-aede1510.aipa-cloud.bytedance.net?type=pai","timestamp":1779612057818}
[16:40:57.275] [PAI SDK] CloudServer received reload event: {"url":"aipa://pai-preview-trae-aede1510.aipa-cloud.bytedance.net?type=pai","timestamp":1779612057818}
[16:40:57.276] [PAI SDK] reload, url = https://sd62opo6oqou1ckhsuo00.apigateway-cn-beijing.volceapi.com/?faasInstanceName=vefaas-f0vkicge-pyw70jixna-d89b38g2nobq58o0sep0-sandbox&hash=pai-preview-trae-aede1510
[16:40:57.276] [PAI SDK] cloudServer.update response: {
  "status": "running",
  "reload": false,
  "hash": "pai-preview-trae-aede1510"
}
[16:40:57.276] Update success (pai.updateCloudDev returned)
[16:40:57.555] [PAI SDK] Received event: log {"content":"<i> [webpack-dev-middleware] wait until bundle finished: /\n","timestamp":1779612058097}
[16:40:58.984] [PAI SDK] Received event: log {"content":"✅  编译成功 5/24/2026, 4:40:59 PM\n\n","timestamp":1779612059526}
[16:42:18.388] File change detected. Updating...
[16:42:18.396] readProjectFiles, Found 30 files to read.
[16:42:18.488] Files read. Count: 30
[16:42:18.488] Calling pai.updateCloudDev...
[16:42:18.490] [PAI SDK] cloudServer.update called, appId: pai-preview-trae-aede1510
[16:42:18.546] [PAI SDK] Received event: reload {"url":"aipa://pai-preview-trae-aede1510.aipa-cloud.bytedance.net?type=pai","timestamp":1779612139089}
[16:42:18.546] [PAI SDK] CloudServer received reload event: {"url":"aipa://pai-preview-trae-aede1510.aipa-cloud.bytedance.net?type=pai","timestamp":1779612139089}
[16:42:18.546] [PAI SDK] reload, url = https://sd62opo6oqou1ckhsuo00.apigateway-cn-beijing.volceapi.com/?faasInstanceName=vefaas-f0vkicge-pyw70jixna-d89b38g2nobq58o0sep0-sandbox&hash=pai-preview-trae-aede1510
[16:42:18.546] [PAI SDK] cloudServer.update response: {
  "status": "running",
  "reload": false,
  "hash": "pai-preview-trae-aede1510"
}
[16:42:18.547] Update success (pai.updateCloudDev returned)
[16:42:18.671] [PAI SDK] Received event: log {"content":"<i> [webpack-dev-middleware] wait until bundle finished: /\n","timestamp":1779612139215}
[16:42:19.867] [PAI SDK] Received event: log {"content":"✅  编译成功 5/24/2026, 4:42:20 PM\n\n","timestamp":1779612140410}
[16:45:02.969] [Preview Server] Frontend disconnected, clients size = 1
[16:46:18.136] [Preview Server] Frontend connected, clients size = 1
[16:46:18.139] Sending cached status to new connection, lastStatusMessage = {"event":"status_change","message":{"url":"https://sd62opo6oqou1ckhsuo00.apigateway-cn-beijing.volceapi.com/?faasInstanceName=vefaas-f0vkicge-pyw70jixna-d89b38g2nobq58o0sep0-sandbox&hash=pai-preview-trae-aede1510","schema":"aipa://preview?type=pai&aipa_id=pai-preview-trae-aede1510&uuid=32d04d5a-6b9e-44d8-a4e7-4e8565fbe377","status":"running","framework":"taro"}}
[16:46:19.857] [Preview Server] Frontend disconnected, clients size = 1
[16:47:54.977] File change detected. Updating...
[16:47:55.010] readProjectFiles, Found 32 files to read.
[16:47:55.105] Files read. Count: 32
[16:47:55.105] Calling pai.updateCloudDev...
[16:47:55.111] [PAI SDK] cloudServer.update called, appId: pai-preview-trae-aede1510
[16:47:55.319] [PAI SDK] Received event: reload {"url":"aipa://pai-preview-trae-aede1510.aipa-cloud.bytedance.net?type=pai","timestamp":1779612475864}
[16:47:55.320] [PAI SDK] CloudServer received reload event: {"url":"aipa://pai-preview-trae-aede1510.aipa-cloud.bytedance.net?type=pai","timestamp":1779612475864}
[16:47:55.321] [PAI SDK] reload, url = https://sd62opo6oqou1ckhsuo00.apigateway-cn-beijing.volceapi.com/?faasInstanceName=vefaas-f0vkicge-pyw70jixna-d89b38g2nobq58o0sep0-sandbox&hash=pai-preview-trae-aede1510
[16:47:55.322] [PAI SDK] cloudServer.update response: {
  "status": "running",
  "reload": false,
  "hash": "pai-preview-trae-aede1510"
}
[16:47:55.322] Update success (pai.updateCloudDev returned)
[16:47:56.375] [PAI SDK] Received event: log {"content":"✅  编译成功 5/24/2026, 4:47:56 PM\n\n","timestamp":1779612476920}
